-1.5
-encoding
UTF-8
-source
1.5
-target
1.5
-classpath
/Users/sannies/.m2/repository/org/aspectj/aspectjrt/1.8.2/aspectjrt-1.8.2.jar:/Users/sannies/.m2/repository/com/google/android/android/1.6_r2/android-1.6_r2.jar:/Users/sannies/.m2/repository/junit/junit/4.10/junit-4.10.jar:/Users/sannies/.m2/repository/commons-io/commons-io/2.4/commons-io-2.4.jar:/Users/sannies/.m2/repository/commons-codec/commons-codec/1.8/commons-codec-1.8.jar:/Users/sannies/.m2/repository/commons-logging/commons-logging/1.1.1/commons-logging-1.1.1.jar:/Users/sannies/.m2/repository/org/apache/httpcomponents/httpclient/4.0.1/httpclient-4.0.1.jar:/Users/sannies/.m2/repository/org/apache/httpcomponents/httpcore/4.0.1/httpcore-4.0.1.jar:/Users/sannies/.m2/repository/org/khronos/opengl-api/gl1.1-android-2.1_r1/opengl-api-gl1.1-android-2.1_r1.jar:/Users/sannies/.m2/repository/xerces/xmlParserAPIs/2.6.2/xmlParserAPIs-2.6.2.jar:/Users/sannies/.m2/repository/xpp3/xpp3/1.1.4c/xpp3-1.1.4c.jar:/Users/sannies/IdeaProjects/mp4parser/target/checkout/isoparser/target/classes
-d
/Users/sannies/IdeaProjects/mp4parser/target/checkout/isoparser/target/classes
/Users/sannies/IdeaProjects/mp4parser/target/checkout/isoparser/src/main/java/com/coremedia/iso/AbstractBoxParser.java
/Users/sannies/IdeaProjects/mp4parser/target/checkout/isoparser/src/main/java/com/coremedia/iso/Ascii.java
/Users/sannies/IdeaProjects/mp4parser/target/checkout/isoparser/src/main/java/com/coremedia/iso/boxes/AbstractMediaHeaderBox.java
/Users/sannies/IdeaProjects/mp4parser/target/checkout/isoparser/src/main/java/com/coremedia/iso/boxes/AlbumBox.java
/Users/sannies/IdeaProjects/mp4parser/target/checkout/isoparser/src/main/java/com/coremedia/iso/boxes/apple/AppleDataRateBox.java
/Users/sannies/IdeaProjects/mp4parser/target/checkout/isoparser/src/main/java/com/coremedia/iso/boxes/apple/AppleDataReferenceBox.java
/Users/sannies/IdeaProjects/mp4parser/target/checkout/isoparser/src/main/java/com/coremedia/iso/boxes/apple/AppleItemListBox.java
/Users/sannies/IdeaProjects/mp4parser/target/checkout/isoparser/src/main/java/com/coremedia/iso/boxes/apple/AppleLosslessSpecificBox.java
/Users/sannies/IdeaProjects/mp4parser/target/checkout/isoparser/src/main/java/com/coremedia/iso/boxes/apple/AppleReferenceMovieBox.java
/Users/sannies/IdeaProjects/mp4parser/target/checkout/isoparser/src/main/java/com/coremedia/iso/boxes/apple/AppleReferenceMovieDescriptorBox.java
/Users/sannies/IdeaProjects/mp4parser/target/checkout/isoparser/src/main/java/com/coremedia/iso/boxes/apple/AppleWaveBox.java
/Users/sannies/IdeaProjects/mp4parser/target/checkout/isoparser/src/main/java/com/coremedia/iso/boxes/AuthorBox.java
/Users/sannies/IdeaProjects/mp4parser/target/checkout/isoparser/src/main/java/com/coremedia/iso/boxes/Box.java
/Users/sannies/IdeaProjects/mp4parser/target/checkout/isoparser/src/main/java/com/coremedia/iso/boxes/ChunkOffset64BitBox.java
/Users/sannies/IdeaProjects/mp4parser/target/checkout/isoparser/src/main/java/com/coremedia/iso/boxes/ChunkOffsetBox.java
/Users/sannies/IdeaProjects/mp4parser/target/checkout/isoparser/src/main/java/com/coremedia/iso/boxes/ClassificationBox.java
/Users/sannies/IdeaProjects/mp4parser/target/checkout/isoparser/src/main/java/com/coremedia/iso/boxes/CompositionShiftLeastGreatestAtom.java
/Users/sannies/IdeaProjects/mp4parser/target/checkout/isoparser/src/main/java/com/coremedia/iso/boxes/CompositionTimeToSample.java
/Users/sannies/IdeaProjects/mp4parser/target/checkout/isoparser/src/main/java/com/coremedia/iso/boxes/Container.java
/Users/sannies/IdeaProjects/mp4parser/target/checkout/isoparser/src/main/java/com/coremedia/iso/boxes/CopyrightBox.java
/Users/sannies/IdeaProjects/mp4parser/target/checkout/isoparser/src/main/java/com/coremedia/iso/boxes/DataEntryUrlBox.java
/Users/sannies/IdeaProjects/mp4parser/target/checkout/isoparser/src/main/java/com/coremedia/iso/boxes/DataEntryUrnBox.java
/Users/sannies/IdeaProjects/mp4parser/target/checkout/isoparser/src/main/java/com/coremedia/iso/boxes/DataInformationBox.java
/Users/sannies/IdeaProjects/mp4parser/target/checkout/isoparser/src/main/java/com/coremedia/iso/boxes/DataReferenceBox.java
/Users/sannies/IdeaProjects/mp4parser/target/checkout/isoparser/src/main/java/com/coremedia/iso/boxes/dece/TrickPlayBox.java
/Users/sannies/IdeaProjects/mp4parser/target/checkout/isoparser/src/main/java/com/coremedia/iso/boxes/DescriptionBox.java
/Users/sannies/IdeaProjects/mp4parser/target/checkout/isoparser/src/main/java/com/coremedia/iso/boxes/EditBox.java
/Users/sannies/IdeaProjects/mp4parser/target/checkout/isoparser/src/main/java/com/coremedia/iso/boxes/EditListBox.java
/Users/sannies/IdeaProjects/mp4parser/target/checkout/isoparser/src/main/java/com/coremedia/iso/boxes/FileTypeBox.java
/Users/sannies/IdeaProjects/mp4parser/target/checkout/isoparser/src/main/java/com/coremedia/iso/boxes/fragment/MovieExtendsBox.java
/Users/sannies/IdeaProjects/mp4parser/target/checkout/isoparser/src/main/java/com/coremedia/iso/boxes/fragment/MovieExtendsHeaderBox.java
/Users/sannies/IdeaProjects/mp4parser/target/checkout/isoparser/src/main/java/com/coremedia/iso/boxes/fragment/MovieFragmentBox.java
/Users/sannies/IdeaProjects/mp4parser/target/checkout/isoparser/src/main/java/com/coremedia/iso/boxes/fragment/MovieFragmentHeaderBox.java
/Users/sannies/IdeaProjects/mp4parser/target/checkout/isoparser/src/main/java/com/coremedia/iso/boxes/fragment/MovieFragmentRandomAccessBox.java
/Users/sannies/IdeaProjects/mp4parser/target/checkout/isoparser/src/main/java/com/coremedia/iso/boxes/fragment/MovieFragmentRandomAccessOffsetBox.java
/Users/sannies/IdeaProjects/mp4parser/target/checkout/isoparser/src/main/java/com/coremedia/iso/boxes/fragment/SampleFlags.java
/Users/sannies/IdeaProjects/mp4parser/target/checkout/isoparser/src/main/java/com/coremedia/iso/boxes/fragment/SegmentTypeBox.java
/Users/sannies/IdeaProjects/mp4parser/target/checkout/isoparser/src/main/java/com/coremedia/iso/boxes/fragment/TrackExtendsBox.java
/Users/sannies/IdeaProjects/mp4parser/target/checkout/isoparser/src/main/java/com/coremedia/iso/boxes/fragment/TrackFragmentBaseMediaDecodeTimeBox.java
/Users/sannies/IdeaProjects/mp4parser/target/checkout/isoparser/src/main/java/com/coremedia/iso/boxes/fragment/TrackFragmentBox.java
/Users/sannies/IdeaProjects/mp4parser/target/checkout/isoparser/src/main/java/com/coremedia/iso/boxes/fragment/TrackFragmentHeaderBox.java
/Users/sannies/IdeaProjects/mp4parser/target/checkout/isoparser/src/main/java/com/coremedia/iso/boxes/fragment/TrackFragmentRandomAccessBox.java
/Users/sannies/IdeaProjects/mp4parser/target/checkout/isoparser/src/main/java/com/coremedia/iso/boxes/fragment/TrackRunBox.java
/Users/sannies/IdeaProjects/mp4parser/target/checkout/isoparser/src/main/java/com/coremedia/iso/boxes/FreeBox.java
/Users/sannies/IdeaProjects/mp4parser/target/checkout/isoparser/src/main/java/com/coremedia/iso/boxes/FreeSpaceBox.java
/Users/sannies/IdeaProjects/mp4parser/target/checkout/isoparser/src/main/java/com/coremedia/iso/boxes/FullBox.java
/Users/sannies/IdeaProjects/mp4parser/target/checkout/isoparser/src/main/java/com/coremedia/iso/boxes/GenreBox.java
/Users/sannies/IdeaProjects/mp4parser/target/checkout/isoparser/src/main/java/com/coremedia/iso/boxes/HandlerBox.java
/Users/sannies/IdeaProjects/mp4parser/target/checkout/isoparser/src/main/java/com/coremedia/iso/boxes/HintMediaHeaderBox.java
/Users/sannies/IdeaProjects/mp4parser/target/checkout/isoparser/src/main/java/com/coremedia/iso/boxes/ItemDataBox.java
/Users/sannies/IdeaProjects/mp4parser/target/checkout/isoparser/src/main/java/com/coremedia/iso/boxes/ItemLocationBox.java
/Users/sannies/IdeaProjects/mp4parser/target/checkout/isoparser/src/main/java/com/coremedia/iso/boxes/ItemProtectionBox.java
/Users/sannies/IdeaProjects/mp4parser/target/checkout/isoparser/src/main/java/com/coremedia/iso/boxes/KeywordsBox.java
/Users/sannies/IdeaProjects/mp4parser/target/checkout/isoparser/src/main/java/com/coremedia/iso/boxes/mdat/MediaDataBox.java
/Users/sannies/IdeaProjects/mp4parser/target/checkout/isoparser/src/main/java/com/coremedia/iso/boxes/mdat/SampleList.java
/Users/sannies/IdeaProjects/mp4parser/target/checkout/isoparser/src/main/java/com/coremedia/iso/boxes/MediaBox.java
/Users/sannies/IdeaProjects/mp4parser/target/checkout/isoparser/src/main/java/com/coremedia/iso/boxes/MediaHeaderBox.java
/Users/sannies/IdeaProjects/mp4parser/target/checkout/isoparser/src/main/java/com/coremedia/iso/boxes/MediaInformationBox.java
/Users/sannies/IdeaProjects/mp4parser/target/checkout/isoparser/src/main/java/com/coremedia/iso/boxes/MetaBox.java
/Users/sannies/IdeaProjects/mp4parser/target/checkout/isoparser/src/main/java/com/coremedia/iso/boxes/MovieBox.java
/Users/sannies/IdeaProjects/mp4parser/target/checkout/isoparser/src/main/java/com/coremedia/iso/boxes/MovieHeaderBox.java
/Users/sannies/IdeaProjects/mp4parser/target/checkout/isoparser/src/main/java/com/coremedia/iso/boxes/NullMediaHeaderBox.java
/Users/sannies/IdeaProjects/mp4parser/target/checkout/isoparser/src/main/java/com/coremedia/iso/boxes/ObjectDescriptorBox.java
/Users/sannies/IdeaProjects/mp4parser/target/checkout/isoparser/src/main/java/com/coremedia/iso/boxes/OmaDrmAccessUnitFormatBox.java
/Users/sannies/IdeaProjects/mp4parser/target/checkout/isoparser/src/main/java/com/coremedia/iso/boxes/OriginalFormatBox.java
/Users/sannies/IdeaProjects/mp4parser/target/checkout/isoparser/src/main/java/com/coremedia/iso/boxes/PerformerBox.java
/Users/sannies/IdeaProjects/mp4parser/target/checkout/isoparser/src/main/java/com/coremedia/iso/boxes/ProgressiveDownloadInformationBox.java
/Users/sannies/IdeaProjects/mp4parser/target/checkout/isoparser/src/main/java/com/coremedia/iso/boxes/ProtectionSchemeInformationBox.java
/Users/sannies/IdeaProjects/mp4parser/target/checkout/isoparser/src/main/java/com/coremedia/iso/boxes/RatingBox.java
/Users/sannies/IdeaProjects/mp4parser/target/checkout/isoparser/src/main/java/com/coremedia/iso/boxes/RecordingYearBox.java
/Users/sannies/IdeaProjects/mp4parser/target/checkout/isoparser/src/main/java/com/coremedia/iso/boxes/SampleDependencyTypeBox.java
/Users/sannies/IdeaProjects/mp4parser/target/checkout/isoparser/src/main/java/com/coremedia/iso/boxes/SampleDescriptionBox.java
/Users/sannies/IdeaProjects/mp4parser/target/checkout/isoparser/src/main/java/com/coremedia/iso/boxes/sampleentry/AbstractSampleEntry.java
/Users/sannies/IdeaProjects/mp4parser/target/checkout/isoparser/src/main/java/com/coremedia/iso/boxes/sampleentry/AmrSpecificBox.java
/Users/sannies/IdeaProjects/mp4parser/target/checkout/isoparser/src/main/java/com/coremedia/iso/boxes/sampleentry/AudioSampleEntry.java
/Users/sannies/IdeaProjects/mp4parser/target/checkout/isoparser/src/main/java/com/coremedia/iso/boxes/sampleentry/MpegSampleEntry.java
/Users/sannies/IdeaProjects/mp4parser/target/checkout/isoparser/src/main/java/com/coremedia/iso/boxes/sampleentry/Ovc1VisualSampleEntryImpl.java
/Users/sannies/IdeaProjects/mp4parser/target/checkout/isoparser/src/main/java/com/coremedia/iso/boxes/sampleentry/SampleEntry.java
/Users/sannies/IdeaProjects/mp4parser/target/checkout/isoparser/src/main/java/com/coremedia/iso/boxes/sampleentry/TextSampleEntry.java
/Users/sannies/IdeaProjects/mp4parser/target/checkout/isoparser/src/main/java/com/coremedia/iso/boxes/sampleentry/VisualSampleEntry.java
/Users/sannies/IdeaProjects/mp4parser/target/checkout/isoparser/src/main/java/com/coremedia/iso/boxes/SampleSizeBox.java
/Users/sannies/IdeaProjects/mp4parser/target/checkout/isoparser/src/main/java/com/coremedia/iso/boxes/SampleTableBox.java
/Users/sannies/IdeaProjects/mp4parser/target/checkout/isoparser/src/main/java/com/coremedia/iso/boxes/SampleToChunkBox.java
/Users/sannies/IdeaProjects/mp4parser/target/checkout/isoparser/src/main/java/com/coremedia/iso/boxes/SchemeInformationBox.java
/Users/sannies/IdeaProjects/mp4parser/target/checkout/isoparser/src/main/java/com/coremedia/iso/boxes/SchemeTypeBox.java
/Users/sannies/IdeaProjects/mp4parser/target/checkout/isoparser/src/main/java/com/coremedia/iso/boxes/SoundMediaHeaderBox.java
/Users/sannies/IdeaProjects/mp4parser/target/checkout/isoparser/src/main/java/com/coremedia/iso/boxes/StaticChunkOffsetBox.java
/Users/sannies/IdeaProjects/mp4parser/target/checkout/isoparser/src/main/java/com/coremedia/iso/boxes/SubSampleInformationBox.java
/Users/sannies/IdeaProjects/mp4parser/target/checkout/isoparser/src/main/java/com/coremedia/iso/boxes/SubtitleMediaHeaderBox.java
/Users/sannies/IdeaProjects/mp4parser/target/checkout/isoparser/src/main/java/com/coremedia/iso/boxes/SyncSampleBox.java
/Users/sannies/IdeaProjects/mp4parser/target/checkout/isoparser/src/main/java/com/coremedia/iso/boxes/threegpp26244/LocationInformationBox.java
/Users/sannies/IdeaProjects/mp4parser/target/checkout/isoparser/src/main/java/com/coremedia/iso/boxes/TimeToSampleBox.java
/Users/sannies/IdeaProjects/mp4parser/target/checkout/isoparser/src/main/java/com/coremedia/iso/boxes/TitleBox.java
/Users/sannies/IdeaProjects/mp4parser/target/checkout/isoparser/src/main/java/com/coremedia/iso/boxes/TrackBox.java
/Users/sannies/IdeaProjects/mp4parser/target/checkout/isoparser/src/main/java/com/coremedia/iso/boxes/TrackHeaderBox.java
/Users/sannies/IdeaProjects/mp4parser/target/checkout/isoparser/src/main/java/com/coremedia/iso/boxes/TrackReferenceBox.java
/Users/sannies/IdeaProjects/mp4parser/target/checkout/isoparser/src/main/java/com/coremedia/iso/boxes/UnknownBox.java
/Users/sannies/IdeaProjects/mp4parser/target/checkout/isoparser/src/main/java/com/coremedia/iso/boxes/UserBox.java
/Users/sannies/IdeaProjects/mp4parser/target/checkout/isoparser/src/main/java/com/coremedia/iso/boxes/UserDataBox.java
/Users/sannies/IdeaProjects/mp4parser/target/checkout/isoparser/src/main/java/com/coremedia/iso/boxes/VideoMediaHeaderBox.java
/Users/sannies/IdeaProjects/mp4parser/target/checkout/isoparser/src/main/java/com/coremedia/iso/boxes/vodafone/AlbumArtistBox.java
/Users/sannies/IdeaProjects/mp4parser/target/checkout/isoparser/src/main/java/com/coremedia/iso/boxes/vodafone/ContentDistributorIdBox.java
/Users/sannies/IdeaProjects/mp4parser/target/checkout/isoparser/src/main/java/com/coremedia/iso/boxes/vodafone/CoverUriBox.java
/Users/sannies/IdeaProjects/mp4parser/target/checkout/isoparser/src/main/java/com/coremedia/iso/boxes/vodafone/LyricsUriBox.java
/Users/sannies/IdeaProjects/mp4parser/target/checkout/isoparser/src/main/java/com/coremedia/iso/boxes/XmlBox.java
/Users/sannies/IdeaProjects/mp4parser/target/checkout/isoparser/src/main/java/com/coremedia/iso/BoxParser.java
/Users/sannies/IdeaProjects/mp4parser/target/checkout/isoparser/src/main/java/com/coremedia/iso/BoxReplacer.java
/Users/sannies/IdeaProjects/mp4parser/target/checkout/isoparser/src/main/java/com/coremedia/iso/Hex.java
/Users/sannies/IdeaProjects/mp4parser/target/checkout/isoparser/src/main/java/com/coremedia/iso/IsoFile.java
/Users/sannies/IdeaProjects/mp4parser/target/checkout/isoparser/src/main/java/com/coremedia/iso/IsoTypeReader.java
/Users/sannies/IdeaProjects/mp4parser/target/checkout/isoparser/src/main/java/com/coremedia/iso/IsoTypeReaderVariable.java
/Users/sannies/IdeaProjects/mp4parser/target/checkout/isoparser/src/main/java/com/coremedia/iso/IsoTypeWriter.java
/Users/sannies/IdeaProjects/mp4parser/target/checkout/isoparser/src/main/java/com/coremedia/iso/IsoTypeWriterVariable.java
/Users/sannies/IdeaProjects/mp4parser/target/checkout/isoparser/src/main/java/com/coremedia/iso/PropertyBoxParserImpl.java
/Users/sannies/IdeaProjects/mp4parser/target/checkout/isoparser/src/main/java/com/coremedia/iso/Utf8.java
/Users/sannies/IdeaProjects/mp4parser/target/checkout/isoparser/src/main/java/com/googlecode/mp4parser/AbstractBox.java
/Users/sannies/IdeaProjects/mp4parser/target/checkout/isoparser/src/main/java/com/googlecode/mp4parser/AbstractContainerBox.java
/Users/sannies/IdeaProjects/mp4parser/target/checkout/isoparser/src/main/java/com/googlecode/mp4parser/AbstractFullBox.java
/Users/sannies/IdeaProjects/mp4parser/target/checkout/isoparser/src/main/java/com/googlecode/mp4parser/annotations/DoNotParseDetail.java
/Users/sannies/IdeaProjects/mp4parser/target/checkout/isoparser/src/main/java/com/googlecode/mp4parser/annotations/ParseDetail.java
/Users/sannies/IdeaProjects/mp4parser/target/checkout/isoparser/src/main/java/com/googlecode/mp4parser/authoring/AbstractTrack.java
/Users/sannies/IdeaProjects/mp4parser/target/checkout/isoparser/src/main/java/com/googlecode/mp4parser/authoring/builder/BetterFragmenter.java
/Users/sannies/IdeaProjects/mp4parser/target/checkout/isoparser/src/main/java/com/googlecode/mp4parser/authoring/builder/ByteBufferHelper.java
/Users/sannies/IdeaProjects/mp4parser/target/checkout/isoparser/src/main/java/com/googlecode/mp4parser/authoring/builder/DefaultFragmenterImpl.java
/Users/sannies/IdeaProjects/mp4parser/target/checkout/isoparser/src/main/java/com/googlecode/mp4parser/authoring/builder/DefaultMp4Builder.java
/Users/sannies/IdeaProjects/mp4parser/target/checkout/isoparser/src/main/java/com/googlecode/mp4parser/authoring/builder/FragmentedMp4Builder.java
/Users/sannies/IdeaProjects/mp4parser/target/checkout/isoparser/src/main/java/com/googlecode/mp4parser/authoring/builder/Fragmenter.java
/Users/sannies/IdeaProjects/mp4parser/target/checkout/isoparser/src/main/java/com/googlecode/mp4parser/authoring/builder/Mp4Builder.java
/Users/sannies/IdeaProjects/mp4parser/target/checkout/isoparser/src/main/java/com/googlecode/mp4parser/authoring/builder/StaticFragmentIntersectionFinderImpl.java
/Users/sannies/IdeaProjects/mp4parser/target/checkout/isoparser/src/main/java/com/googlecode/mp4parser/authoring/builder/SyncSampleIntersectFinderImpl.java
/Users/sannies/IdeaProjects/mp4parser/target/checkout/isoparser/src/main/java/com/googlecode/mp4parser/authoring/CencMp4TrackImplImpl.java
/Users/sannies/IdeaProjects/mp4parser/target/checkout/isoparser/src/main/java/com/googlecode/mp4parser/authoring/container/mp4/MovieCreator.java
/Users/sannies/IdeaProjects/mp4parser/target/checkout/isoparser/src/main/java/com/googlecode/mp4parser/authoring/Edit.java
/Users/sannies/IdeaProjects/mp4parser/target/checkout/isoparser/src/main/java/com/googlecode/mp4parser/authoring/Movie.java
/Users/sannies/IdeaProjects/mp4parser/target/checkout/isoparser/src/main/java/com/googlecode/mp4parser/authoring/Mp4TrackImpl.java
/Users/sannies/IdeaProjects/mp4parser/target/checkout/isoparser/src/main/java/com/googlecode/mp4parser/authoring/Sample.java
/Users/sannies/IdeaProjects/mp4parser/target/checkout/isoparser/src/main/java/com/googlecode/mp4parser/authoring/SampleImpl.java
/Users/sannies/IdeaProjects/mp4parser/target/checkout/isoparser/src/main/java/com/googlecode/mp4parser/authoring/samples/DefaultMp4SampleList.java
/Users/sannies/IdeaProjects/mp4parser/target/checkout/isoparser/src/main/java/com/googlecode/mp4parser/authoring/samples/FragmentedMp4SampleList.java
/Users/sannies/IdeaProjects/mp4parser/target/checkout/isoparser/src/main/java/com/googlecode/mp4parser/authoring/Track.java
/Users/sannies/IdeaProjects/mp4parser/target/checkout/isoparser/src/main/java/com/googlecode/mp4parser/authoring/TrackMetaData.java
/Users/sannies/IdeaProjects/mp4parser/target/checkout/isoparser/src/main/java/com/googlecode/mp4parser/authoring/tracks/AACTrackImpl.java
/Users/sannies/IdeaProjects/mp4parser/target/checkout/isoparser/src/main/java/com/googlecode/mp4parser/authoring/tracks/AbstractH26XTrack.java
/Users/sannies/IdeaProjects/mp4parser/target/checkout/isoparser/src/main/java/com/googlecode/mp4parser/authoring/tracks/AC3TrackImpl.java
/Users/sannies/IdeaProjects/mp4parser/target/checkout/isoparser/src/main/java/com/googlecode/mp4parser/authoring/tracks/Amf0Track.java
/Users/sannies/IdeaProjects/mp4parser/target/checkout/isoparser/src/main/java/com/googlecode/mp4parser/authoring/tracks/AppendTrack.java
/Users/sannies/IdeaProjects/mp4parser/target/checkout/isoparser/src/main/java/com/googlecode/mp4parser/authoring/tracks/Avc1ToAvc3TrackImpl.java
/Users/sannies/IdeaProjects/mp4parser/target/checkout/isoparser/src/main/java/com/googlecode/mp4parser/authoring/tracks/CencDecryptingTrackImpl.java
/Users/sannies/IdeaProjects/mp4parser/target/checkout/isoparser/src/main/java/com/googlecode/mp4parser/authoring/tracks/CencEncryptedTrack.java
/Users/sannies/IdeaProjects/mp4parser/target/checkout/isoparser/src/main/java/com/googlecode/mp4parser/authoring/tracks/CencEncryptingTrackImpl.java
/Users/sannies/IdeaProjects/mp4parser/target/checkout/isoparser/src/main/java/com/googlecode/mp4parser/authoring/tracks/ChangeTimeScaleTrack.java
/Users/sannies/IdeaProjects/mp4parser/target/checkout/isoparser/src/main/java/com/googlecode/mp4parser/authoring/tracks/CleanInputStream.java
/Users/sannies/IdeaProjects/mp4parser/target/checkout/isoparser/src/main/java/com/googlecode/mp4parser/authoring/tracks/CroppedTrack.java
/Users/sannies/IdeaProjects/mp4parser/target/checkout/isoparser/src/main/java/com/googlecode/mp4parser/authoring/tracks/DivideTimeScaleTrack.java
/Users/sannies/IdeaProjects/mp4parser/target/checkout/isoparser/src/main/java/com/googlecode/mp4parser/authoring/tracks/DTSTrackImpl.java
/Users/sannies/IdeaProjects/mp4parser/target/checkout/isoparser/src/main/java/com/googlecode/mp4parser/authoring/tracks/EC3TrackImpl.java
/Users/sannies/IdeaProjects/mp4parser/target/checkout/isoparser/src/main/java/com/googlecode/mp4parser/authoring/tracks/H263TrackImpl.java
/Users/sannies/IdeaProjects/mp4parser/target/checkout/isoparser/src/main/java/com/googlecode/mp4parser/authoring/tracks/h264/H264NalUnitHeader.java
/Users/sannies/IdeaProjects/mp4parser/target/checkout/isoparser/src/main/java/com/googlecode/mp4parser/authoring/tracks/h264/H264NalUnitTypes.java
/Users/sannies/IdeaProjects/mp4parser/target/checkout/isoparser/src/main/java/com/googlecode/mp4parser/authoring/tracks/h264/H264TrackImpl.java
/Users/sannies/IdeaProjects/mp4parser/target/checkout/isoparser/src/main/java/com/googlecode/mp4parser/authoring/tracks/h264/SliceHeader.java
/Users/sannies/IdeaProjects/mp4parser/target/checkout/isoparser/src/main/java/com/googlecode/mp4parser/authoring/tracks/h265/H265NalUnitHeader.java
/Users/sannies/IdeaProjects/mp4parser/target/checkout/isoparser/src/main/java/com/googlecode/mp4parser/authoring/tracks/h265/H265NalUnitTypes.java
/Users/sannies/IdeaProjects/mp4parser/target/checkout/isoparser/src/main/java/com/googlecode/mp4parser/authoring/tracks/h265/H265TrackImpl.java
/Users/sannies/IdeaProjects/mp4parser/target/checkout/isoparser/src/main/java/com/googlecode/mp4parser/authoring/tracks/h265/H265TrackImplOld.java
/Users/sannies/IdeaProjects/mp4parser/target/checkout/isoparser/src/main/java/com/googlecode/mp4parser/authoring/tracks/h265/PicTiming.java
/Users/sannies/IdeaProjects/mp4parser/target/checkout/isoparser/src/main/java/com/googlecode/mp4parser/authoring/tracks/h265/SEIMessage.java
/Users/sannies/IdeaProjects/mp4parser/target/checkout/isoparser/src/main/java/com/googlecode/mp4parser/authoring/tracks/h265/SequenceParameterSetRbsp.java
/Users/sannies/IdeaProjects/mp4parser/target/checkout/isoparser/src/main/java/com/googlecode/mp4parser/authoring/tracks/h265/VideoParameterSet.java
/Users/sannies/IdeaProjects/mp4parser/target/checkout/isoparser/src/main/java/com/googlecode/mp4parser/authoring/tracks/mjpeg/OneJpegPerIframe.java
/Users/sannies/IdeaProjects/mp4parser/target/checkout/isoparser/src/main/java/com/googlecode/mp4parser/authoring/tracks/MP3TrackImpl.java
/Users/sannies/IdeaProjects/mp4parser/target/checkout/isoparser/src/main/java/com/googlecode/mp4parser/authoring/tracks/MultiplyTimeScaleTrack.java
/Users/sannies/IdeaProjects/mp4parser/target/checkout/isoparser/src/main/java/com/googlecode/mp4parser/authoring/tracks/ReplaceSampleTrack.java
/Users/sannies/IdeaProjects/mp4parser/target/checkout/isoparser/src/main/java/com/googlecode/mp4parser/authoring/tracks/SilenceTrackImpl.java
/Users/sannies/IdeaProjects/mp4parser/target/checkout/isoparser/src/main/java/com/googlecode/mp4parser/authoring/tracks/TextTrackImpl.java
/Users/sannies/IdeaProjects/mp4parser/target/checkout/isoparser/src/main/java/com/googlecode/mp4parser/authoring/tracks/ttml/TtmlHelpers.java
/Users/sannies/IdeaProjects/mp4parser/target/checkout/isoparser/src/main/java/com/googlecode/mp4parser/authoring/tracks/ttml/TtmlSegmenter.java
/Users/sannies/IdeaProjects/mp4parser/target/checkout/isoparser/src/main/java/com/googlecode/mp4parser/authoring/tracks/ttml/TtmlTrackImpl.java
/Users/sannies/IdeaProjects/mp4parser/target/checkout/isoparser/src/main/java/com/googlecode/mp4parser/authoring/tracks/webvtt/sampleboxes/AbstractCueBox.java
/Users/sannies/IdeaProjects/mp4parser/target/checkout/isoparser/src/main/java/com/googlecode/mp4parser/authoring/tracks/webvtt/sampleboxes/CueIDBox.java
/Users/sannies/IdeaProjects/mp4parser/target/checkout/isoparser/src/main/java/com/googlecode/mp4parser/authoring/tracks/webvtt/sampleboxes/CuePayloadBox.java
/Users/sannies/IdeaProjects/mp4parser/target/checkout/isoparser/src/main/java/com/googlecode/mp4parser/authoring/tracks/webvtt/sampleboxes/CueSettingsBox.java
/Users/sannies/IdeaProjects/mp4parser/target/checkout/isoparser/src/main/java/com/googlecode/mp4parser/authoring/tracks/webvtt/sampleboxes/CueSourceIDBox.java
/Users/sannies/IdeaProjects/mp4parser/target/checkout/isoparser/src/main/java/com/googlecode/mp4parser/authoring/tracks/webvtt/sampleboxes/CueTimeBox.java
/Users/sannies/IdeaProjects/mp4parser/target/checkout/isoparser/src/main/java/com/googlecode/mp4parser/authoring/tracks/webvtt/sampleboxes/VTTAdditionalTextBox.java
/Users/sannies/IdeaProjects/mp4parser/target/checkout/isoparser/src/main/java/com/googlecode/mp4parser/authoring/tracks/webvtt/sampleboxes/VTTCueBox.java
/Users/sannies/IdeaProjects/mp4parser/target/checkout/isoparser/src/main/java/com/googlecode/mp4parser/authoring/tracks/webvtt/sampleboxes/VTTEmptyCueBox.java
/Users/sannies/IdeaProjects/mp4parser/target/checkout/isoparser/src/main/java/com/googlecode/mp4parser/authoring/tracks/webvtt/WebVttTrack.java
/Users/sannies/IdeaProjects/mp4parser/target/checkout/isoparser/src/main/java/com/googlecode/mp4parser/authoring/WrappingTrack.java
/Users/sannies/IdeaProjects/mp4parser/target/checkout/isoparser/src/main/java/com/googlecode/mp4parser/BasicContainer.java
/Users/sannies/IdeaProjects/mp4parser/target/checkout/isoparser/src/main/java/com/googlecode/mp4parser/boxes/AbstractSampleEncryptionBox.java
/Users/sannies/IdeaProjects/mp4parser/target/checkout/isoparser/src/main/java/com/googlecode/mp4parser/boxes/AbstractTrackEncryptionBox.java
/Users/sannies/IdeaProjects/mp4parser/target/checkout/isoparser/src/main/java/com/googlecode/mp4parser/boxes/AC3SpecificBox.java
/Users/sannies/IdeaProjects/mp4parser/target/checkout/isoparser/src/main/java/com/googlecode/mp4parser/boxes/adobe/ActionMessageFormat0SampleEntryBox.java
/Users/sannies/IdeaProjects/mp4parser/target/checkout/isoparser/src/main/java/com/googlecode/mp4parser/boxes/apple/Apple_atIDBox.java
/Users/sannies/IdeaProjects/mp4parser/target/checkout/isoparser/src/main/java/com/googlecode/mp4parser/boxes/apple/Apple_flvr_Box.java
/Users/sannies/IdeaProjects/mp4parser/target/checkout/isoparser/src/main/java/com/googlecode/mp4parser/boxes/apple/Apple_geIDBox.java
/Users/sannies/IdeaProjects/mp4parser/target/checkout/isoparser/src/main/java/com/googlecode/mp4parser/boxes/apple/Apple_xid_Box.java
/Users/sannies/IdeaProjects/mp4parser/target/checkout/isoparser/src/main/java/com/googlecode/mp4parser/boxes/apple/AppleAlbumBox.java
/Users/sannies/IdeaProjects/mp4parser/target/checkout/isoparser/src/main/java/com/googlecode/mp4parser/boxes/apple/AppleAppleIdBox.java
/Users/sannies/IdeaProjects/mp4parser/target/checkout/isoparser/src/main/java/com/googlecode/mp4parser/boxes/apple/AppleArtist2Box.java
/Users/sannies/IdeaProjects/mp4parser/target/checkout/isoparser/src/main/java/com/googlecode/mp4parser/boxes/apple/AppleArtistBox.java
/Users/sannies/IdeaProjects/mp4parser/target/checkout/isoparser/src/main/java/com/googlecode/mp4parser/boxes/apple/AppleCommentBox.java
/Users/sannies/IdeaProjects/mp4parser/target/checkout/isoparser/src/main/java/com/googlecode/mp4parser/boxes/apple/AppleCompilationBox.java
/Users/sannies/IdeaProjects/mp4parser/target/checkout/isoparser/src/main/java/com/googlecode/mp4parser/boxes/apple/AppleCopyrightBox.java
/Users/sannies/IdeaProjects/mp4parser/target/checkout/isoparser/src/main/java/com/googlecode/mp4parser/boxes/apple/AppleCountryTypeBoxBox.java
/Users/sannies/IdeaProjects/mp4parser/target/checkout/isoparser/src/main/java/com/googlecode/mp4parser/boxes/apple/AppleCoverBox.java
/Users/sannies/IdeaProjects/mp4parser/target/checkout/isoparser/src/main/java/com/googlecode/mp4parser/boxes/apple/AppleDataBox.java
/Users/sannies/IdeaProjects/mp4parser/target/checkout/isoparser/src/main/java/com/googlecode/mp4parser/boxes/apple/AppleDescriptionBox.java
/Users/sannies/IdeaProjects/mp4parser/target/checkout/isoparser/src/main/java/com/googlecode/mp4parser/boxes/apple/AppleDiskNumberBox.java
/Users/sannies/IdeaProjects/mp4parser/target/checkout/isoparser/src/main/java/com/googlecode/mp4parser/boxes/apple/AppleEncoderBox.java
/Users/sannies/IdeaProjects/mp4parser/target/checkout/isoparser/src/main/java/com/googlecode/mp4parser/boxes/apple/AppleGaplessPlaybackBox.java
/Users/sannies/IdeaProjects/mp4parser/target/checkout/isoparser/src/main/java/com/googlecode/mp4parser/boxes/apple/AppleGenreBox.java
/Users/sannies/IdeaProjects/mp4parser/target/checkout/isoparser/src/main/java/com/googlecode/mp4parser/boxes/apple/AppleGenreIDBox.java
/Users/sannies/IdeaProjects/mp4parser/target/checkout/isoparser/src/main/java/com/googlecode/mp4parser/boxes/apple/AppleGPSCoordinatesBox.java
/Users/sannies/IdeaProjects/mp4parser/target/checkout/isoparser/src/main/java/com/googlecode/mp4parser/boxes/apple/AppleGroupingBox.java
/Users/sannies/IdeaProjects/mp4parser/target/checkout/isoparser/src/main/java/com/googlecode/mp4parser/boxes/apple/AppleLongDescriptionBox.java
/Users/sannies/IdeaProjects/mp4parser/target/checkout/isoparser/src/main/java/com/googlecode/mp4parser/boxes/apple/AppleLyricsBox.java
/Users/sannies/IdeaProjects/mp4parser/target/checkout/isoparser/src/main/java/com/googlecode/mp4parser/boxes/apple/AppleMediaTypeBox.java
/Users/sannies/IdeaProjects/mp4parser/target/checkout/isoparser/src/main/java/com/googlecode/mp4parser/boxes/apple/AppleNameBox.java
/Users/sannies/IdeaProjects/mp4parser/target/checkout/isoparser/src/main/java/com/googlecode/mp4parser/boxes/apple/ApplePurchaseDateBox.java
/Users/sannies/IdeaProjects/mp4parser/target/checkout/isoparser/src/main/java/com/googlecode/mp4parser/boxes/apple/AppleRecordingYear2Box.java
/Users/sannies/IdeaProjects/mp4parser/target/checkout/isoparser/src/main/java/com/googlecode/mp4parser/boxes/apple/AppleRecordingYearBox.java
/Users/sannies/IdeaProjects/mp4parser/target/checkout/isoparser/src/main/java/com/googlecode/mp4parser/boxes/apple/AppleShortDescriptionBox.java
/Users/sannies/IdeaProjects/mp4parser/target/checkout/isoparser/src/main/java/com/googlecode/mp4parser/boxes/apple/AppleSortAlbumBox.java
/Users/sannies/IdeaProjects/mp4parser/target/checkout/isoparser/src/main/java/com/googlecode/mp4parser/boxes/apple/AppleTempoBox.java
/Users/sannies/IdeaProjects/mp4parser/target/checkout/isoparser/src/main/java/com/googlecode/mp4parser/boxes/apple/AppleTrackAuthorBox.java
/Users/sannies/IdeaProjects/mp4parser/target/checkout/isoparser/src/main/java/com/googlecode/mp4parser/boxes/apple/AppleTrackNumberBox.java
/Users/sannies/IdeaProjects/mp4parser/target/checkout/isoparser/src/main/java/com/googlecode/mp4parser/boxes/apple/AppleTVEpisodeBox.java
/Users/sannies/IdeaProjects/mp4parser/target/checkout/isoparser/src/main/java/com/googlecode/mp4parser/boxes/apple/AppleTVEpisodeNumberBox.java
/Users/sannies/IdeaProjects/mp4parser/target/checkout/isoparser/src/main/java/com/googlecode/mp4parser/boxes/apple/AppleTVNetworkBox.java
/Users/sannies/IdeaProjects/mp4parser/target/checkout/isoparser/src/main/java/com/googlecode/mp4parser/boxes/apple/AppleTVSeasonBox.java
/Users/sannies/IdeaProjects/mp4parser/target/checkout/isoparser/src/main/java/com/googlecode/mp4parser/boxes/apple/AppleTVShowBox.java
/Users/sannies/IdeaProjects/mp4parser/target/checkout/isoparser/src/main/java/com/googlecode/mp4parser/boxes/apple/AppleVariableSignedIntegerBox.java
/Users/sannies/IdeaProjects/mp4parser/target/checkout/isoparser/src/main/java/com/googlecode/mp4parser/boxes/apple/BaseMediaInfoAtom.java
/Users/sannies/IdeaProjects/mp4parser/target/checkout/isoparser/src/main/java/com/googlecode/mp4parser/boxes/apple/CleanApertureAtom.java
/Users/sannies/IdeaProjects/mp4parser/target/checkout/isoparser/src/main/java/com/googlecode/mp4parser/boxes/apple/GenericMediaHeaderAtom.java
/Users/sannies/IdeaProjects/mp4parser/target/checkout/isoparser/src/main/java/com/googlecode/mp4parser/boxes/apple/GenericMediaHeaderTextAtom.java
/Users/sannies/IdeaProjects/mp4parser/target/checkout/isoparser/src/main/java/com/googlecode/mp4parser/boxes/apple/PixelAspectRationAtom.java
/Users/sannies/IdeaProjects/mp4parser/target/checkout/isoparser/src/main/java/com/googlecode/mp4parser/boxes/apple/QuicktimeTextSampleEntry.java
/Users/sannies/IdeaProjects/mp4parser/target/checkout/isoparser/src/main/java/com/googlecode/mp4parser/boxes/apple/TimeCodeBox.java
/Users/sannies/IdeaProjects/mp4parser/target/checkout/isoparser/src/main/java/com/googlecode/mp4parser/boxes/apple/TrackApertureModeDimensionAtom.java
/Users/sannies/IdeaProjects/mp4parser/target/checkout/isoparser/src/main/java/com/googlecode/mp4parser/boxes/apple/TrackEncodedPixelsDimensionsAtom.java
/Users/sannies/IdeaProjects/mp4parser/target/checkout/isoparser/src/main/java/com/googlecode/mp4parser/boxes/apple/TrackLoadSettingsAtom.java
/Users/sannies/IdeaProjects/mp4parser/target/checkout/isoparser/src/main/java/com/googlecode/mp4parser/boxes/apple/TrackProductionApertureDimensionsAtom.java
/Users/sannies/IdeaProjects/mp4parser/target/checkout/isoparser/src/main/java/com/googlecode/mp4parser/boxes/apple/Utf8AppleDataBox.java
/Users/sannies/IdeaProjects/mp4parser/target/checkout/isoparser/src/main/java/com/googlecode/mp4parser/boxes/basemediaformat/AvcNalUnitStorageBox.java
/Users/sannies/IdeaProjects/mp4parser/target/checkout/isoparser/src/main/java/com/googlecode/mp4parser/boxes/cenc/CencDecryptingSampleList.java
/Users/sannies/IdeaProjects/mp4parser/target/checkout/isoparser/src/main/java/com/googlecode/mp4parser/boxes/cenc/CencEncryptingSampleList.java
/Users/sannies/IdeaProjects/mp4parser/target/checkout/isoparser/src/main/java/com/googlecode/mp4parser/boxes/dece/AssetInformationBox.java
/Users/sannies/IdeaProjects/mp4parser/target/checkout/isoparser/src/main/java/com/googlecode/mp4parser/boxes/dece/BaseLocationBox.java
/Users/sannies/IdeaProjects/mp4parser/target/checkout/isoparser/src/main/java/com/googlecode/mp4parser/boxes/dece/ContentInformationBox.java
/Users/sannies/IdeaProjects/mp4parser/target/checkout/isoparser/src/main/java/com/googlecode/mp4parser/boxes/dece/SampleEncryptionBox.java
/Users/sannies/IdeaProjects/mp4parser/target/checkout/isoparser/src/main/java/com/googlecode/mp4parser/boxes/DTSSpecificBox.java
/Users/sannies/IdeaProjects/mp4parser/target/checkout/isoparser/src/main/java/com/googlecode/mp4parser/boxes/EC3SpecificBox.java
/Users/sannies/IdeaProjects/mp4parser/target/checkout/isoparser/src/main/java/com/googlecode/mp4parser/boxes/microsoft/XtraBox.java
/Users/sannies/IdeaProjects/mp4parser/target/checkout/isoparser/src/main/java/com/googlecode/mp4parser/boxes/MLPSpecificBox.java
/Users/sannies/IdeaProjects/mp4parser/target/checkout/isoparser/src/main/java/com/googlecode/mp4parser/boxes/mp4/AbstractDescriptorBox.java
/Users/sannies/IdeaProjects/mp4parser/target/checkout/isoparser/src/main/java/com/googlecode/mp4parser/boxes/mp4/ESDescriptorBox.java
/Users/sannies/IdeaProjects/mp4parser/target/checkout/isoparser/src/main/java/com/googlecode/mp4parser/boxes/mp4/ObjectDescriptorBox.java
/Users/sannies/IdeaProjects/mp4parser/target/checkout/isoparser/src/main/java/com/googlecode/mp4parser/boxes/mp4/objectdescriptors/AudioSpecificConfig.java
/Users/sannies/IdeaProjects/mp4parser/target/checkout/isoparser/src/main/java/com/googlecode/mp4parser/boxes/mp4/objectdescriptors/BaseDescriptor.java
/Users/sannies/IdeaProjects/mp4parser/target/checkout/isoparser/src/main/java/com/googlecode/mp4parser/boxes/mp4/objectdescriptors/BitReaderBuffer.java
/Users/sannies/IdeaProjects/mp4parser/target/checkout/isoparser/src/main/java/com/googlecode/mp4parser/boxes/mp4/objectdescriptors/BitWriterBuffer.java
/Users/sannies/IdeaProjects/mp4parser/target/checkout/isoparser/src/main/java/com/googlecode/mp4parser/boxes/mp4/objectdescriptors/DecoderConfigDescriptor.java
/Users/sannies/IdeaProjects/mp4parser/target/checkout/isoparser/src/main/java/com/googlecode/mp4parser/boxes/mp4/objectdescriptors/DecoderSpecificInfo.java
/Users/sannies/IdeaProjects/mp4parser/target/checkout/isoparser/src/main/java/com/googlecode/mp4parser/boxes/mp4/objectdescriptors/Descriptor.java
/Users/sannies/IdeaProjects/mp4parser/target/checkout/isoparser/src/main/java/com/googlecode/mp4parser/boxes/mp4/objectdescriptors/ESDescriptor.java
/Users/sannies/IdeaProjects/mp4parser/target/checkout/isoparser/src/main/java/com/googlecode/mp4parser/boxes/mp4/objectdescriptors/ExtensionDescriptor.java
/Users/sannies/IdeaProjects/mp4parser/target/checkout/isoparser/src/main/java/com/googlecode/mp4parser/boxes/mp4/objectdescriptors/ExtensionProfileLevelDescriptor.java
/Users/sannies/IdeaProjects/mp4parser/target/checkout/isoparser/src/main/java/com/googlecode/mp4parser/boxes/mp4/objectdescriptors/InitialObjectDescriptor.java
/Users/sannies/IdeaProjects/mp4parser/target/checkout/isoparser/src/main/java/com/googlecode/mp4parser/boxes/mp4/objectdescriptors/ObjectDescriptorBase.java
/Users/sannies/IdeaProjects/mp4parser/target/checkout/isoparser/src/main/java/com/googlecode/mp4parser/boxes/mp4/objectdescriptors/ObjectDescriptorFactory.java
/Users/sannies/IdeaProjects/mp4parser/target/checkout/isoparser/src/main/java/com/googlecode/mp4parser/boxes/mp4/objectdescriptors/ProfileLevelIndicationDescriptor.java
/Users/sannies/IdeaProjects/mp4parser/target/checkout/isoparser/src/main/java/com/googlecode/mp4parser/boxes/mp4/objectdescriptors/SLConfigDescriptor.java
/Users/sannies/IdeaProjects/mp4parser/target/checkout/isoparser/src/main/java/com/googlecode/mp4parser/boxes/mp4/objectdescriptors/UnknownDescriptor.java
/Users/sannies/IdeaProjects/mp4parser/target/checkout/isoparser/src/main/java/com/googlecode/mp4parser/boxes/mp4/samplegrouping/CencSampleEncryptionInformationGroupEntry.java
/Users/sannies/IdeaProjects/mp4parser/target/checkout/isoparser/src/main/java/com/googlecode/mp4parser/boxes/mp4/samplegrouping/GroupEntry.java
/Users/sannies/IdeaProjects/mp4parser/target/checkout/isoparser/src/main/java/com/googlecode/mp4parser/boxes/mp4/samplegrouping/RateShareEntry.java
/Users/sannies/IdeaProjects/mp4parser/target/checkout/isoparser/src/main/java/com/googlecode/mp4parser/boxes/mp4/samplegrouping/RollRecoveryEntry.java
/Users/sannies/IdeaProjects/mp4parser/target/checkout/isoparser/src/main/java/com/googlecode/mp4parser/boxes/mp4/samplegrouping/SampleGroupDescriptionBox.java
/Users/sannies/IdeaProjects/mp4parser/target/checkout/isoparser/src/main/java/com/googlecode/mp4parser/boxes/mp4/samplegrouping/SampleToGroupBox.java
/Users/sannies/IdeaProjects/mp4parser/target/checkout/isoparser/src/main/java/com/googlecode/mp4parser/boxes/mp4/samplegrouping/TemporalLevelEntry.java
/Users/sannies/IdeaProjects/mp4parser/target/checkout/isoparser/src/main/java/com/googlecode/mp4parser/boxes/mp4/samplegrouping/UnknownEntry.java
/Users/sannies/IdeaProjects/mp4parser/target/checkout/isoparser/src/main/java/com/googlecode/mp4parser/boxes/mp4/samplegrouping/VisualRandomAccessEntry.java
/Users/sannies/IdeaProjects/mp4parser/target/checkout/isoparser/src/main/java/com/googlecode/mp4parser/boxes/piff/PiffSampleEncryptionBox.java
/Users/sannies/IdeaProjects/mp4parser/target/checkout/isoparser/src/main/java/com/googlecode/mp4parser/boxes/piff/PiffTrackEncryptionBox.java
/Users/sannies/IdeaProjects/mp4parser/target/checkout/isoparser/src/main/java/com/googlecode/mp4parser/boxes/piff/ProtectionSpecificHeader.java
/Users/sannies/IdeaProjects/mp4parser/target/checkout/isoparser/src/main/java/com/googlecode/mp4parser/boxes/piff/TfrfBox.java
/Users/sannies/IdeaProjects/mp4parser/target/checkout/isoparser/src/main/java/com/googlecode/mp4parser/boxes/piff/TfxdBox.java
/Users/sannies/IdeaProjects/mp4parser/target/checkout/isoparser/src/main/java/com/googlecode/mp4parser/boxes/piff/UuidBasedProtectionSystemSpecificHeaderBox.java
/Users/sannies/IdeaProjects/mp4parser/target/checkout/isoparser/src/main/java/com/googlecode/mp4parser/boxes/threegpp26244/SegmentIndexBox.java
/Users/sannies/IdeaProjects/mp4parser/target/checkout/isoparser/src/main/java/com/googlecode/mp4parser/boxes/threegpp26245/FontTableBox.java
/Users/sannies/IdeaProjects/mp4parser/target/checkout/isoparser/src/main/java/com/googlecode/mp4parser/contentprotection/GenericHeader.java
/Users/sannies/IdeaProjects/mp4parser/target/checkout/isoparser/src/main/java/com/googlecode/mp4parser/contentprotection/PlayReadyHeader.java
/Users/sannies/IdeaProjects/mp4parser/target/checkout/isoparser/src/main/java/com/googlecode/mp4parser/DataSource.java
/Users/sannies/IdeaProjects/mp4parser/target/checkout/isoparser/src/main/java/com/googlecode/mp4parser/DirectFileReadDataSource.java
/Users/sannies/IdeaProjects/mp4parser/target/checkout/isoparser/src/main/java/com/googlecode/mp4parser/FileDataSourceImpl.java
/Users/sannies/IdeaProjects/mp4parser/target/checkout/isoparser/src/main/java/com/googlecode/mp4parser/FileDataSourceViaHeapImpl.java
/Users/sannies/IdeaProjects/mp4parser/target/checkout/isoparser/src/main/java/com/googlecode/mp4parser/FullContainerBox.java
/Users/sannies/IdeaProjects/mp4parser/target/checkout/isoparser/src/main/java/com/googlecode/mp4parser/h264/BTree.java
/Users/sannies/IdeaProjects/mp4parser/target/checkout/isoparser/src/main/java/com/googlecode/mp4parser/h264/CharCache.java
/Users/sannies/IdeaProjects/mp4parser/target/checkout/isoparser/src/main/java/com/googlecode/mp4parser/h264/Debug.java
/Users/sannies/IdeaProjects/mp4parser/target/checkout/isoparser/src/main/java/com/googlecode/mp4parser/h264/model/AspectRatio.java
/Users/sannies/IdeaProjects/mp4parser/target/checkout/isoparser/src/main/java/com/googlecode/mp4parser/h264/model/BitstreamElement.java
/Users/sannies/IdeaProjects/mp4parser/target/checkout/isoparser/src/main/java/com/googlecode/mp4parser/h264/model/ChromaFormat.java
/Users/sannies/IdeaProjects/mp4parser/target/checkout/isoparser/src/main/java/com/googlecode/mp4parser/h264/model/HRDParameters.java
/Users/sannies/IdeaProjects/mp4parser/target/checkout/isoparser/src/main/java/com/googlecode/mp4parser/h264/model/PictureParameterSet.java
/Users/sannies/IdeaProjects/mp4parser/target/checkout/isoparser/src/main/java/com/googlecode/mp4parser/h264/model/ScalingList.java
/Users/sannies/IdeaProjects/mp4parser/target/checkout/isoparser/src/main/java/com/googlecode/mp4parser/h264/model/ScalingMatrix.java
/Users/sannies/IdeaProjects/mp4parser/target/checkout/isoparser/src/main/java/com/googlecode/mp4parser/h264/model/SeqParameterSet.java
/Users/sannies/IdeaProjects/mp4parser/target/checkout/isoparser/src/main/java/com/googlecode/mp4parser/h264/model/VUIParameters.java
/Users/sannies/IdeaProjects/mp4parser/target/checkout/isoparser/src/main/java/com/googlecode/mp4parser/h264/read/BitstreamReader.java
/Users/sannies/IdeaProjects/mp4parser/target/checkout/isoparser/src/main/java/com/googlecode/mp4parser/h264/read/CAVLCReader.java
/Users/sannies/IdeaProjects/mp4parser/target/checkout/isoparser/src/main/java/com/googlecode/mp4parser/h264/write/BitstreamWriter.java
/Users/sannies/IdeaProjects/mp4parser/target/checkout/isoparser/src/main/java/com/googlecode/mp4parser/h264/write/CAVLCWriter.java
/Users/sannies/IdeaProjects/mp4parser/target/checkout/isoparser/src/main/java/com/googlecode/mp4parser/MemoryDataSourceImpl.java
/Users/sannies/IdeaProjects/mp4parser/target/checkout/isoparser/src/main/java/com/googlecode/mp4parser/MultiFileDataSourceImpl.java
/Users/sannies/IdeaProjects/mp4parser/target/checkout/isoparser/src/main/java/com/googlecode/mp4parser/RequiresParseDetailAspect.java
/Users/sannies/IdeaProjects/mp4parser/target/checkout/isoparser/src/main/java/com/googlecode/mp4parser/srt/SrtParser.java
/Users/sannies/IdeaProjects/mp4parser/target/checkout/isoparser/src/main/java/com/googlecode/mp4parser/util/AndroidLogger.java
/Users/sannies/IdeaProjects/mp4parser/target/checkout/isoparser/src/main/java/com/googlecode/mp4parser/util/ByteBufferByteChannel.java
/Users/sannies/IdeaProjects/mp4parser/target/checkout/isoparser/src/main/java/com/googlecode/mp4parser/util/CastUtils.java
/Users/sannies/IdeaProjects/mp4parser/target/checkout/isoparser/src/main/java/com/googlecode/mp4parser/util/ChannelHelper.java
/Users/sannies/IdeaProjects/mp4parser/target/checkout/isoparser/src/main/java/com/googlecode/mp4parser/util/DateHelper.java
/Users/sannies/IdeaProjects/mp4parser/target/checkout/isoparser/src/main/java/com/googlecode/mp4parser/util/IntHashMap.java
/Users/sannies/IdeaProjects/mp4parser/target/checkout/isoparser/src/main/java/com/googlecode/mp4parser/util/JuliLogger.java
/Users/sannies/IdeaProjects/mp4parser/target/checkout/isoparser/src/main/java/com/googlecode/mp4parser/util/LazyList.java
/Users/sannies/IdeaProjects/mp4parser/target/checkout/isoparser/src/main/java/com/googlecode/mp4parser/util/Logger.java
/Users/sannies/IdeaProjects/mp4parser/target/checkout/isoparser/src/main/java/com/googlecode/mp4parser/util/Math.java
/Users/sannies/IdeaProjects/mp4parser/target/checkout/isoparser/src/main/java/com/googlecode/mp4parser/util/Matrix.java
/Users/sannies/IdeaProjects/mp4parser/target/checkout/isoparser/src/main/java/com/googlecode/mp4parser/util/Mp4Arrays.java
/Users/sannies/IdeaProjects/mp4parser/target/checkout/isoparser/src/main/java/com/googlecode/mp4parser/util/Path.java
/Users/sannies/IdeaProjects/mp4parser/target/checkout/isoparser/src/main/java/com/googlecode/mp4parser/util/RangeStartMap.java
/Users/sannies/IdeaProjects/mp4parser/target/checkout/isoparser/src/main/java/com/googlecode/mp4parser/util/UUIDConverter.java
/Users/sannies/IdeaProjects/mp4parser/target/checkout/isoparser/src/main/java/com/googlecode/mp4parser/Version.java
/Users/sannies/IdeaProjects/mp4parser/target/checkout/isoparser/src/main/java/com/mp4parser/iso14496/part12/BitRateBox.java
/Users/sannies/IdeaProjects/mp4parser/target/checkout/isoparser/src/main/java/com/mp4parser/iso14496/part12/HintSampleEntry.java
/Users/sannies/IdeaProjects/mp4parser/target/checkout/isoparser/src/main/java/com/mp4parser/iso14496/part12/SampleAuxiliaryInformationOffsetsBox.java
/Users/sannies/IdeaProjects/mp4parser/target/checkout/isoparser/src/main/java/com/mp4parser/iso14496/part12/SampleAuxiliaryInformationSizesBox.java
/Users/sannies/IdeaProjects/mp4parser/target/checkout/isoparser/src/main/java/com/mp4parser/iso14496/part12/TrackReferenceTypeBox.java
/Users/sannies/IdeaProjects/mp4parser/target/checkout/isoparser/src/main/java/com/mp4parser/iso14496/part15/AvcConfigurationBox.java
/Users/sannies/IdeaProjects/mp4parser/target/checkout/isoparser/src/main/java/com/mp4parser/iso14496/part15/AvcDecoderConfigurationRecord.java
/Users/sannies/IdeaProjects/mp4parser/target/checkout/isoparser/src/main/java/com/mp4parser/iso14496/part15/HevcConfigurationBox.java
/Users/sannies/IdeaProjects/mp4parser/target/checkout/isoparser/src/main/java/com/mp4parser/iso14496/part15/HevcDecoderConfigurationRecord.java
/Users/sannies/IdeaProjects/mp4parser/target/checkout/isoparser/src/main/java/com/mp4parser/iso14496/part15/PriotityRangeBox.java
/Users/sannies/IdeaProjects/mp4parser/target/checkout/isoparser/src/main/java/com/mp4parser/iso14496/part15/StepwiseTemporalLayerEntry.java
/Users/sannies/IdeaProjects/mp4parser/target/checkout/isoparser/src/main/java/com/mp4parser/iso14496/part15/SyncSampleEntry.java
/Users/sannies/IdeaProjects/mp4parser/target/checkout/isoparser/src/main/java/com/mp4parser/iso14496/part15/TemporalLayerSampleGroup.java
/Users/sannies/IdeaProjects/mp4parser/target/checkout/isoparser/src/main/java/com/mp4parser/iso14496/part15/TemporalSubLayerSampleGroup.java
/Users/sannies/IdeaProjects/mp4parser/target/checkout/isoparser/src/main/java/com/mp4parser/iso14496/part15/TierBitRateBox.java
/Users/sannies/IdeaProjects/mp4parser/target/checkout/isoparser/src/main/java/com/mp4parser/iso14496/part15/TierInfoBox.java
/Users/sannies/IdeaProjects/mp4parser/target/checkout/isoparser/src/main/java/com/mp4parser/iso14496/part30/WebVTTConfigurationBox.java
/Users/sannies/IdeaProjects/mp4parser/target/checkout/isoparser/src/main/java/com/mp4parser/iso14496/part30/WebVTTSampleEntry.java
/Users/sannies/IdeaProjects/mp4parser/target/checkout/isoparser/src/main/java/com/mp4parser/iso14496/part30/WebVTTSourceLabelBox.java
/Users/sannies/IdeaProjects/mp4parser/target/checkout/isoparser/src/main/java/com/mp4parser/iso14496/part30/XMLSubtitleSampleEntry.java
/Users/sannies/IdeaProjects/mp4parser/target/checkout/isoparser/src/main/java/com/mp4parser/iso23001/part7/CencSampleAuxiliaryDataFormat.java
/Users/sannies/IdeaProjects/mp4parser/target/checkout/isoparser/src/main/java/com/mp4parser/iso23001/part7/ProtectionSystemSpecificHeaderBox.java
/Users/sannies/IdeaProjects/mp4parser/target/checkout/isoparser/src/main/java/com/mp4parser/iso23001/part7/TrackEncryptionBox.java
/Users/sannies/IdeaProjects/mp4parser/target/checkout/isoparser/src/main/java/com/mp4parser/iso23009/part1/EventMessageBox.java
/Users/sannies/IdeaProjects/mp4parser/target/checkout/isoparser/src/main/java/com/mp4parser/streaming/AbstractStreamingTrack.java
/Users/sannies/IdeaProjects/mp4parser/target/checkout/isoparser/src/main/java/com/mp4parser/streaming/extensions/CencEncryptTrackExtension.java
/Users/sannies/IdeaProjects/mp4parser/target/checkout/isoparser/src/main/java/com/mp4parser/streaming/extensions/CompositionTimeSampleExtension.java
/Users/sannies/IdeaProjects/mp4parser/target/checkout/isoparser/src/main/java/com/mp4parser/streaming/extensions/CompositionTimeTrackExtension.java
/Users/sannies/IdeaProjects/mp4parser/target/checkout/isoparser/src/main/java/com/mp4parser/streaming/extensions/NameTrackExtension.java
/Users/sannies/IdeaProjects/mp4parser/target/checkout/isoparser/src/main/java/com/mp4parser/streaming/extensions/SampleFlagsSampleExtension.java
/Users/sannies/IdeaProjects/mp4parser/target/checkout/isoparser/src/main/java/com/mp4parser/streaming/extensions/SampleFlagsTrackExtension.java
/Users/sannies/IdeaProjects/mp4parser/target/checkout/isoparser/src/main/java/com/mp4parser/streaming/extensions/SyncSampleExtension.java
/Users/sannies/IdeaProjects/mp4parser/target/checkout/isoparser/src/main/java/com/mp4parser/streaming/extensions/TrackIdTrackExtension.java
/Users/sannies/IdeaProjects/mp4parser/target/checkout/isoparser/src/main/java/com/mp4parser/streaming/MultiTrackFragmentedMp4Writer.java
/Users/sannies/IdeaProjects/mp4parser/target/checkout/isoparser/src/main/java/com/mp4parser/streaming/rawformats/H264TrackAdapter.java
/Users/sannies/IdeaProjects/mp4parser/target/checkout/isoparser/src/main/java/com/mp4parser/streaming/SampleExtension.java
/Users/sannies/IdeaProjects/mp4parser/target/checkout/isoparser/src/main/java/com/mp4parser/streaming/SingleTrackFragmentedMp4Writer.java
/Users/sannies/IdeaProjects/mp4parser/target/checkout/isoparser/src/main/java/com/mp4parser/streaming/StreamingMp4Writer.java
/Users/sannies/IdeaProjects/mp4parser/target/checkout/isoparser/src/main/java/com/mp4parser/streaming/StreamingSample.java
/Users/sannies/IdeaProjects/mp4parser/target/checkout/isoparser/src/main/java/com/mp4parser/streaming/StreamingSampleHelper.java
/Users/sannies/IdeaProjects/mp4parser/target/checkout/isoparser/src/main/java/com/mp4parser/streaming/StreamingTrack.java
/Users/sannies/IdeaProjects/mp4parser/target/checkout/isoparser/src/main/java/com/mp4parser/streaming/TrackExtension.java
/Users/sannies/IdeaProjects/mp4parser/target/checkout/isoparser/src/main/java/com/mp4parser/streaming/WriteOnlyBox.java
